// Jest Snapshot v1, https://goo.gl/fbAQLP

exports[`Pruebas en componente <GifItem /> debe de hacer match con el snapshot 1`] = `
<div>
  <div
    class="card"
  >
    <img
      alt="The Beatles"
      src="http://localhost:8080/"
    />
    <p>
      The Beatles
    </p>
  </div>
</div>
`;
